Archive member included to satisfy reference by file (symbol)

c:/st/stm32cubeide_1.1.0/stm32cubeide/plugins/com.st.stm32cube.ide.mcu.externaltools.gnu-tools-for-stm32.7-2018-q2-update.win32_1.4.0.202007081208/tools/bin/../lib/gcc/arm-none-eabi/7.3.1/../../../../arm-none-eabi/lib/thumb/v7-m\libc_nano.a(lib_a-errno.o)
                              Core/Src/syscalls.o (__errno)
c:/st/stm32cubeide_1.1.0/stm32cubeide/plugins/com.st.stm32cube.ide.mcu.externaltools.gnu-tools-for-stm32.7-2018-q2-update.win32_1.4.0.202007081208/tools/bin/../lib/gcc/arm-none-eabi/7.3.1/../../../../arm-none-eabi/lib/thumb/v7-m\libc_nano.a(lib_a-exit.o)
                              c:/st/stm32cubeide_1.1.0/stm32cubeide/plugins/com.st.stm32cube.ide.mcu.externaltools.gnu-tools-for-stm32.7-2018-q2-update.win32_1.4.0.202007081208/tools/bin/../lib/gcc/arm-none-eabi/7.3.1/../../../../arm-none-eabi/lib/thumb/v7-m/crt0.o (exit)
c:/st/stm32cubeide_1.1.0/stm32cubeide/plugins/com.st.stm32cube.ide.mcu.externaltools.gnu-tools-for-stm32.7-2018-q2-update.win32_1.4.0.202007081208/tools/bin/../lib/gcc/arm-none-eabi/7.3.1/../../../../arm-none-eabi/lib/thumb/v7-m\libc_nano.a(lib_a-impure.o)
                              c:/st/stm32cubeide_1.1.0/stm32cubeide/plugins/com.st.stm32cube.ide.mcu.externaltools.gnu-tools-for-stm32.7-2018-q2-update.win32_1.4.0.202007081208/tools/bin/../lib/gcc/arm-none-eabi/7.3.1/../../../../arm-none-eabi/lib/thumb/v7-m\libc_nano.a(lib_a-exit.o) (_global_impure_ptr)
c:/st/stm32cubeide_1.1.0/stm32cubeide/plugins/com.st.stm32cube.ide.mcu.externaltools.gnu-tools-for-stm32.7-2018-q2-update.win32_1.4.0.202007081208/tools/bin/../lib/gcc/arm-none-eabi/7.3.1/../../../../arm-none-eabi/lib/thumb/v7-m\libc_nano.a(lib_a-init.o)
                              c:/st/stm32cubeide_1.1.0/stm32cubeide/plugins/com.st.stm32cube.ide.mcu.externaltools.gnu-tools-for-stm32.7-2018-q2-update.win32_1.4.0.202007081208/tools/bin/../lib/gcc/arm-none-eabi/7.3.1/../../../../arm-none-eabi/lib/thumb/v7-m/crt0.o (__libc_init_array)
c:/st/stm32cubeide_1.1.0/stm32cubeide/plugins/com.st.stm32cube.ide.mcu.externaltools.gnu-tools-for-stm32.7-2018-q2-update.win32_1.4.0.202007081208/tools/bin/../lib/gcc/arm-none-eabi/7.3.1/../../../../arm-none-eabi/lib/thumb/v7-m\libc_nano.a(lib_a-memset.o)
                              c:/st/stm32cubeide_1.1.0/stm32cubeide/plugins/com.st.stm32cube.ide.mcu.externaltools.gnu-tools-for-stm32.7-2018-q2-update.win32_1.4.0.202007081208/tools/bin/../lib/gcc/arm-none-eabi/7.3.1/../../../../arm-none-eabi/lib/thumb/v7-m/crt0.o (memset)

Allocating common symbols
Common symbol       size              file

hdma_usart2_rx      0x44              Core/Src/usart.o
hi2c1               0x54              Core/Src/i2c.o
uwTick              0x4               Drivers/STM32F1xx_HAL_Driver/Src/stm32f1xx_hal.o
pFlash              0x20              Drivers/STM32F1xx_HAL_Driver/Src/stm32f1xx_hal_flash.o
rx_buffer           0x5               Core/Src/main.o
PWM_buffer          0x4               Core/Src/main.o
htim2               0x48              Core/Src/tim.o
huart2              0x40              Core/Src/usart.o

Discarded input sections

 .text          0x0000000000000000        0x0 c:/st/stm32cubeide_1.1.0/stm32cubeide/plugins/com.st.stm32cube.ide.mcu.externaltools.gnu-tools-for-stm32.7-2018-q2-update.win32_1.4.0.202007081208/tools/bin/../lib/gcc/arm-none-eabi/7.3.1/thumb/v7-m/crti.o
 .data          0x0000000000000000        0x0 c:/st/stm32cubeide_1.1.0/stm32cubeide/plugins/com.st.stm32cube.ide.mcu.externaltools.gnu-tools-for-stm32.7-2018-q2-update.win32_1.4.0.202007081208/tools/bin/../lib/gcc/arm-none-eabi/7.3.1/thumb/v7-m/crti.o
 .bss           0x0000000000000000        0x0 c:/st/stm32cubeide_1.1.0/stm32cubeide/plugins/com.st.stm32cube.ide.mcu.externaltools.gnu-tools-for-stm32.7-2018-q2-update.win32_1.4.0.202007081208/tools/bin/../lib/gcc/arm-none-eabi/7.3.1/thumb/v7-m/crti.o
 .data          0x0000000000000000        0x4 c:/st/stm32cubeide_1.1.0/stm32cubeide/plugins/com.st.stm32cube.ide.mcu.externaltools.gnu-tools-for-stm32.7-2018-q2-update.win32_1.4.0.202007081208/tools/bin/../lib/gcc/arm-none-eabi/7.3.1/thumb/v7-m/crtbegin.o
 .text          0x0000000000000000       0x74 c:/st/stm32cubeide_1.1.0/stm32cubeide/plugins/com.st.stm32cube.ide.mcu.externaltools.gnu-tools-for-stm32.7-2018-q2-update.win32_1.4.0.202007081208/tools/bin/../lib/gcc/arm-none-eabi/7.3.1/../../../../arm-none-eabi/lib/thumb/v7-m/crt0.o
 .data          0x0000000000000000        0x0 c:/st/stm32cubeide_1.1.0/stm32cubeide/plugins/com.st.stm32cube.ide.mcu.externaltools.gnu-tools-for-stm32.7-2018-q2-update.win32_1.4.0.202007081208/tools/bin/../lib/gcc/arm-none-eabi/7.3.1/../../../../arm-none-eabi/lib/thumb/v7-m/crt0.o
[...]
Memory Configuration

Name             Origin             Length             Attributes
RAM              0x0000000020000000 0x0000000000005000 xrw
FLASH            0x0000000008000000 0x0000000000020000 xr
*default*        0x0000000000000000 0xffffffffffffffff

Linker script and memory map

LOAD c:/st/stm32cubeide_1.1.0/stm32cubeide/plugins/com.st.stm32cube.ide.mcu.externaltools.gnu-tools-for-stm32.7-2018-q2-update.win32_1.4.0.202007081208/tools/bin/../lib/gcc/arm-none-eabi/7.3.1/thumb/v7-m/crti.o
LOAD c:/st/stm32cubeide_1.1.0/stm32cubeide/plugins/com.st.stm32cube.ide.mcu.externaltools.gnu-tools-for-stm32.7-2018-q2-update.win32_1.4.0.202007081208/tools/bin/../lib/gcc/arm-none-eabi/7.3.1/thumb/v7-m/crtbegin.o
LOAD c:/st/stm32cubeide_1.1.0/stm32cubeide/plugins/com.st.stm32cube.ide.mcu.externaltools.gnu-tools-for-stm32.7-2018-q2-update.win32_1.4.0.202007081208/tools/bin/../lib/gcc/arm-none-eabi/7.3.1/../../../../arm-none-eabi/lib/thumb/v7-m/crt0.o
LOAD Core/Src/dma.o
LOAD Core/Src/gpio.o
LOAD Core/Src/i2c.o
LOAD Core/Src/main.o
LOAD Core/Src/stm32f1xx_hal_msp.o
LOAD Core/Src/stm32f1xx_it.o
LOAD Core/Src/syscalls.o
LOAD Core/Src/sysmem.o
LOAD Core/Src/system_stm32f1xx.o
LOAD Core/Src/tim.o
LOAD Core/Src/usart.o
LOAD Core/Startup/startup_stm32f103rbtx.o
LOAD Drivers/STM32F1xx_HAL_Driver/Src/stm32f1xx_hal.o
LOAD Drivers/STM32F1xx_HAL_Driver/Src/stm32f1xx_hal_cortex.o
LOAD Drivers/STM32F1xx_HAL_Driver/Src/stm32f1xx_hal_dma.o
LOAD Drivers/STM32F1xx_HAL_Driver/Src/stm32f1xx_hal_exti.o
LOAD Drivers/STM32F1xx_HAL_Driver/Src/stm32f1xx_hal_flash.o
LOAD Drivers/STM32F1xx_HAL_Driver/Src/stm32f1xx_hal_flash_ex.o
LOAD Drivers/STM32F1xx_HAL_Driver/Src/stm32f1xx_hal_gpio.o
LOAD Drivers/STM32F1xx_HAL_Driver/Src/stm32f1xx_hal_gpio_ex.o
LOAD Drivers/STM32F1xx_HAL_Driver/Src/stm32f1xx_hal_i2c.o
LOAD Drivers/STM32F1xx_HAL_Driver/Src/stm32f1xx_hal_pwr.o
LOAD Drivers/STM32F1xx_HAL_Driver/Src/stm32f1xx_hal_rcc.o
LOAD Drivers/STM32F1xx_HAL_Driver/Src/stm32f1xx_hal_rcc_ex.o
LOAD Drivers/STM32F1xx_HAL_Driver/Src/stm32f1xx_hal_tim.o
LOAD Drivers/STM32F1xx_HAL_Driver/Src/stm32f1xx_hal_tim_ex.o
LOAD Drivers/STM32F1xx_HAL_Driver/Src/stm32f1xx_hal_uart.o
START GROUP
LOAD c:/st/stm32cubeide_1.1.0/stm32cubeide/plugins/com.st.stm32cube.ide.mcu.externaltools.gnu-tools-for-stm32.7-2018-q2-update.win32_1.4.0.202007081208/tools/bin/../lib/gcc/arm-none-eabi/7.3.1/../../../../arm-none-eabi/lib/thumb/v7-m\libc_nano.a
LOAD c:/st/stm32cubeide_1.1.0/stm32cubeide/plugins/com.st.stm32cube.ide.mcu.externaltools.gnu-tools-for-stm32.7-2018-q2-update.win32_1.4.0.202007081208/tools/bin/../lib/gcc/arm-none-eabi/7.3.1/../../../../arm-none-eabi/lib/thumb/v7-m\libm.a
END GROUP
START GROUP
LOAD c:/st/stm32cubeide_1.1.0/stm32cubeide/plugins/com.st.stm32cube.ide.mcu.externaltools.gnu-tools-for-stm32.7-2018-q2-update.win32_1.4.0.202007081208/tools/bin/../lib/gcc/arm-none-eabi/7.3.1/thumb/v7-m\libgcc.a
LOAD c:/st/stm32cubeide_1.1.0/stm32cubeide/plugins/com.st.stm32cube.ide.mcu.externaltools.gnu-tools-for-stm32.7-2018-q2-update.win32_1.4.0.202007081208/tools/bin/../lib/gcc/arm-none-eabi/7.3.1/../../../../arm-none-eabi/lib/thumb/v7-m\libc_nano.a
END GROUP
START GROUP
LOAD c:/st/stm32cubeide_1.1.0/stm32cubeide/plugins/com.st.stm32cube.ide.mcu.externaltools.gnu-tools-for-stm32.7-2018-q2-update.win32_1.4.0.202007081208/tools/bin/../lib/gcc/arm-none-eabi/7.3.1/thumb/v7-m\libgcc.a
LOAD c:/st/stm32cubeide_1.1.0/stm32cubeide/plugins/com.st.stm32cube.ide.mcu.externaltools.gnu-tools-for-stm32.7-2018-q2-update.win32_1.4.0.202007081208/tools/bin/../lib/gcc/arm-none-eabi/7.3.1/../../../../arm-none-eabi/lib/thumb/v7-m\libc_nano.a
LOAD c:/st/stm32cubeide_1.1.0/stm32cubeide/plugins/com.st.stm32cube.ide.mcu.externaltools.gnu-tools-for-stm32.7-2018-q2-update.win32_1.4.0.202007081208/tools/bin/../lib/gcc/arm-none-eabi/7.3.1/../../../../arm-none-eabi/lib/thumb/v7-m\libnosys.a
END GROUP
START GROUP
LOAD c:/st/stm32cubeide_1.1.0/stm32cubeide/plugins/com.st.stm32cube.ide.mcu.externaltools.gnu-tools-for-stm32.7-2018-q2-update.win32_1.4.0.202007081208/tools/bin/../lib/gcc/arm-none-eabi/7.3.1/thumb/v7-m\libgcc.a
LOAD c:/st/stm32cubeide_1.1.0/stm32cubeide/plugins/com.st.stm32cube.ide.mcu.externaltools.gnu-tools-for-stm32.7-2018-q2-update.win32_1.4.0.202007081208/tools/bin/../lib/gcc/arm-none-eabi/7.3.1/../../../../arm-none-eabi/lib/thumb/v7-m\libc_nano.a
LOAD c:/st/stm32cubeide_1.1.0/stm32cubeide/plugins/com.st.stm32cube.ide.mcu.externaltools.gnu-tools-for-stm32.7-2018-q2-update.win32_1.4.0.202007081208/tools/bin/../lib/gcc/arm-none-eabi/7.3.1/../../../../arm-none-eabi/lib/thumb/v7-m\libnosys.a
END GROUP
LOAD c:/st/stm32cubeide_1.1.0/stm32cubeide/plugins/com.st.stm32cube.ide.mcu.externaltools.gnu-tools-for-stm32.7-2018-q2-update.win32_1.4.0.202007081208/tools/bin/../lib/gcc/arm-none-eabi/7.3.1/thumb/v7-m/crtend.o
LOAD c:/st/stm32cubeide_1.1.0/stm32cubeide/plugins/com.st.stm32cube.ide.mcu.externaltools.gnu-tools-for-stm32.7-2018-q2-update.win32_1.4.0.202007081208/tools/bin/../lib/gcc/arm-none-eabi/7.3.1/thumb/v7-m/crtn.o
                0x0000000020005000                _estack = (ORIGIN (RAM) + LENGTH (RAM))
                0x0000000000000200                _Min_Heap_Size = 0x200
                0x0000000000000400                _Min_Stack_Size = 0x400

.isr_vector     0x0000000008000000      0x10c
                0x0000000008000000                . = ALIGN (0x4)
 *(.isr_vector)
 .isr_vector    0x0000000008000000      0x10c Core/Startup/startup_stm32f103rbtx.o
                0x0000000008000000                g_pfnVectors
                0x000000000800010c                . = ALIGN (0x4)

.text           0x000000000800010c     0x4114
                0x000000000800010c                . = ALIGN (0x4)
 *(.text)
 .text          0x000000000800010c       0x40 c:/st/stm32cubeide_1.1.0/stm32cubeide/plugins/com.st.stm32cube.ide.mcu.externaltools.gnu-tools-for-stm32.7-2018-q2-update.win32_1.4.0.202007081208/tools/bin/../lib/gcc/arm-none-eabi/7.3.1/thumb/v7-m/crtbegin.o
 *(.text*)
 .text.MX_DMA_Init
                0x000000000800014c       0x3c Core/Src/dma.o
                0x000000000800014c                MX_DMA_Init
 .text.MX_GPIO_Init
                0x0000000008000188       0xdc Core/Src/gpio.o
                0x0000000008000188                MX_GPIO_Init
 .text.MX_I2C1_Init
                0x0000000008000264       0x5c Core/Src/i2c.o
                0x0000000008000264                MX_I2C1_Init
 .text.HAL_I2C_MspInit
                0x00000000080002c0       0xa0 Core/Src/i2c.o
                0x00000000080002c0                HAL_I2C_MspInit
 .text.main     0x0000000008000360      0x164 Core/Src/main.o
                0x0000000008000360                main
 .text.SystemClock_Config
                0x00000000080004c4       0x82 Core/Src/main.o
                0x00000000080004c4                SystemClock_Config
 .text.MX_NVIC_Init
                0x0000000008000546       0x18 Core/Src/main.o
 *fill*         0x000000000800055e        0x2 
 .text.HAL_UART_RxCpltCallback
                0x0000000008000560       0x28 Core/Src/main.o
                0x0000000008000560                HAL_UART_RxCpltCallback
 .text.map      0x0000000008000588       0x46 Core/Src/main.o
                0x0000000008000588                map
 .text.Error_Handler
                0x00000000080005ce        0xc Core/Src/main.o
                0x00000000080005ce                Error_Handler
 *fill*         0x00000000080005da        0x2 
 .text.HAL_MspInit
                0x00000000080005dc       0x64 Core/Src/stm32f1xx_hal_msp.o
                0x00000000080005dc                HAL_MspInit
 .text.NMI_Handler
                0x0000000008000640        0xc Core/Src/stm32f1xx_it.o
                0x0000000008000640                NMI_Handler
 .text.HardFault_Handler
                0x000000000800064c        0x6 Core/Src/stm32f1xx_it.o
                0x000000000800064c                HardFault_Handler
 .text.MemManage_Handler
                0x0000000008000652        0x6 Core/Src/stm32f1xx_it.o
                0x0000000008000652                MemManage_Handler
 .text.BusFault_Handler
                0x0000000008000658        0x6 Core/Src/stm32f1xx_it.o
                0x0000000008000658                BusFault_Handler
 .text.UsageFault_Handler
                0x000000000800065e        0x6 Core/Src/stm32f1xx_it.o
                0x000000000800065e                UsageFault_Handler
 .text.SVC_Handler
                0x0000000008000664        0xc Core/Src/stm32f1xx_it.o
                0x0000000008000664                SVC_Handler
 .text.DebugMon_Handler
                0x0000000008000670        0xc Core/Src/stm32f1xx_it.o
                0x0000000008000670                DebugMon_Handler
 .text.PendSV_Handler
                0x000000000800067c        0xc Core/Src/stm32f1xx_it.o
                0x000000000800067c                PendSV_Handler
 .text.SysTick_Handler
                0x0000000008000688        0xc Core/Src/stm32f1xx_it.o
                0x0000000008000688                SysTick_Handler
 .text.DMA1_Channel6_IRQHandler
                0x0000000008000694       0x14 Core/Src/stm32f1xx_it.o
                0x0000000008000694                DMA1_Channel6_IRQHandler
 .text.USART2_IRQHandler
                0x00000000080006a8       0x14 Core/Src/stm32f1xx_it.o
                0x00000000080006a8                USART2_IRQHandler
 .text.EXTI15_10_IRQHandler
                0x00000000080006bc       0x10 Core/Src/stm32f1xx_it.o
                0x00000000080006bc                EXTI15_10_IRQHandler
 .text.SystemInit
                0x00000000080006cc        0xc Core/Src/system_stm32f1xx.o
                0x00000000080006cc                SystemInit
 .text.MX_TIM2_Init
                0x00000000080006d8      0x130 Core/Src/tim.o
                0x00000000080006d8                MX_TIM2_Init
 .text.HAL_TIM_Base_MspInit
                0x0000000008000808       0x38 Core/Src/tim.o
                0x0000000008000808                HAL_TIM_Base_MspInit
 .text.HAL_TIM_MspPostInit
                0x0000000008000840       0xc0 Core/Src/tim.o
                0x0000000008000840                HAL_TIM_MspPostInit
 .text.MX_USART2_UART_Init
                0x0000000008000900       0x54 Core/Src/usart.o
                0x0000000008000900                MX_USART2_UART_Init
 .text.HAL_UART_MspInit
                0x0000000008000954       0xd0 Core/Src/usart.o
                0x0000000008000954                HAL_UART_MspInit
 .text.Reset_Handler
                0x0000000008000a24       0x48 Core/Startup/startup_stm32f103rbtx.o
                0x0000000008000a24                Reset_Handler
 .text.Default_Handler
                0x0000000008000a6c        0x2 Core/Startup/startup_stm32f103rbtx.o
                0x0000000008000a6c                RTC_Alarm_IRQHandler
                0x0000000008000a6c                EXTI2_IRQHandler
                0x0000000008000a6c                TIM1_CC_IRQHandler
                0x0000000008000a6c                PVD_IRQHandler
                0x0000000008000a6c                EXTI3_IRQHandler
                0x0000000008000a6c                EXTI0_IRQHandler
                0x0000000008000a6c                I2C2_EV_IRQHandler
                0x0000000008000a6c                ADC1_2_IRQHandler
                0x0000000008000a6c                SPI1_IRQHandler
                0x0000000008000a6c                TAMPER_IRQHandler
                0x0000000008000a6c                DMA1_Channel4_IRQHandler
                0x0000000008000a6c                USART3_IRQHandler
                0x0000000008000a6c                RTC_IRQHandler
                0x0000000008000a6c                DMA1_Channel7_IRQHandler
                0x0000000008000a6c                CAN1_RX1_IRQHandler
                0x0000000008000a6c                TIM4_IRQHandler
                0x0000000008000a6c                I2C1_EV_IRQHandler
                0x0000000008000a6c                TIM3_IRQHandler
                0x0000000008000a6c                RCC_IRQHandler
                0x0000000008000a6c                TIM1_TRG_COM_IRQHandler
                0x0000000008000a6c                DMA1_Channel1_IRQHandler
                0x0000000008000a6c                Default_Handler
                0x0000000008000a6c                EXTI9_5_IRQHandler
                0x0000000008000a6c                SPI2_IRQHandler
                0x0000000008000a6c                DMA1_Channel5_IRQHandler
                0x0000000008000a6c                EXTI4_IRQHandler
                0x0000000008000a6c                USB_LP_CAN1_RX0_IRQHandler
                0x0000000008000a6c                USB_HP_CAN1_TX_IRQHandler
                0x0000000008000a6c                DMA1_Channel3_IRQHandler
                0x0000000008000a6c                TIM1_UP_IRQHandler
                0x0000000008000a6c                WWDG_IRQHandler
                0x0000000008000a6c                TIM2_IRQHandler
                0x0000000008000a6c                TIM1_BRK_IRQHandler
                0x0000000008000a6c                EXTI1_IRQHandler
                0x0000000008000a6c                I2C2_ER_IRQHandler
                0x0000000008000a6c                DMA1_Channel2_IRQHandler
                0x0000000008000a6c                CAN1_SCE_IRQHandler
                0x0000000008000a6c                FLASH_IRQHandler
                0x0000000008000a6c                USART1_IRQHandler
                0x0000000008000a6c                I2C1_ER_IRQHandler
                0x0000000008000a6c                USBWakeUp_IRQHandler
 *fill*         0x0000000008000a6e        0x2 
 .text.HAL_Init
                0x0000000008000a70       0x2c Drivers/STM32F1xx_HAL_Driver/Src/stm32f1xx_hal.o
                0x0000000008000a70                HAL_Init
 .text.HAL_InitTick
                0x0000000008000a9c       0x60 Drivers/STM32F1xx_HAL_Driver/Src/stm32f1xx_hal.o
                0x0000000008000a9c                HAL_InitTick
 .text.HAL_IncTick
                0x0000000008000afc       0x24 Drivers/STM32F1xx_HAL_Driver/Src/stm32f1xx_hal.o
                0x0000000008000afc                HAL_IncTick
 .text.HAL_GetTick
                0x0000000008000b20       0x14 Drivers/STM32F1xx_HAL_Driver/Src/stm32f1xx_hal.o
                0x0000000008000b20                HAL_GetTick
 .text.HAL_Delay
                0x0000000008000b34       0x44 Drivers/STM32F1xx_HAL_Driver/Src/stm32f1xx_hal.o
                0x0000000008000b34                HAL_Delay
 .text.__NVIC_SetPriorityGrouping
                0x0000000008000b78       0x48 Drivers/STM32F1xx_HAL_Driver/Src/stm32f1xx_hal_cortex.o
 .text.__NVIC_GetPriorityGrouping
                0x0000000008000bc0       0x1c Drivers/STM32F1xx_HAL_Driver/Src/stm32f1xx_hal_cortex.o
 .text.__NVIC_EnableIRQ
                0x0000000008000bdc       0x38 Drivers/STM32F1xx_HAL_Driver/Src/stm32f1xx_hal_cortex.o
 .text.__NVIC_SetPriority
                0x0000000008000c14       0x54 Drivers/STM32F1xx_HAL_Driver/Src/stm32f1xx_hal_cortex.o
 .text.NVIC_EncodePriority
                0x0000000008000c68       0x64 Drivers/STM32F1xx_HAL_Driver/Src/stm32f1xx_hal_cortex.o
 .text.SysTick_Config
                0x0000000008000ccc       0x44 Drivers/STM32F1xx_HAL_Driver/Src/stm32f1xx_hal_cortex.o
 .text.HAL_NVIC_SetPriorityGrouping
                0x0000000008000d10       0x16 Drivers/STM32F1xx_HAL_Driver/Src/stm32f1xx_hal_cortex.o
                0x0000000008000d10                HAL_NVIC_SetPriorityGrouping
 .text.HAL_NVIC_SetPriority
                0x0000000008000d26       0x38 Drivers/STM32F1xx_HAL_Driver/Src/stm32f1xx_hal_cortex.o
                0x0000000008000d26                HAL_NVIC_SetPriority
 .text.HAL_NVIC_EnableIRQ
                0x0000000008000d5e       0x1c Drivers/STM32F1xx_HAL_Driver/Src/stm32f1xx_hal_cortex.o
                0x0000000008000d5e                HAL_NVIC_EnableIRQ
 .text.HAL_SYSTICK_Config
                0x0000000008000d7a       0x18 Drivers/STM32F1xx_HAL_Driver/Src/stm32f1xx_hal_cortex.o
                0x0000000008000d7a                HAL_SYSTICK_Config
 *fill*         0x0000000008000d92        0x2 
 .text.HAL_DMA_Init
                0x0000000008000d94       0xb4 Drivers/STM32F1xx_HAL_Driver/Src/stm32f1xx_hal_dma.o
                0x0000000008000d94                HAL_DMA_Init
 .text.HAL_DMA_Start_IT
                0x0000000008000e48       0xbe Drivers/STM32F1xx_HAL_Driver/Src/stm32f1xx_hal_dma.o
                0x0000000008000e48                HAL_DMA_Start_IT
 *fill*         0x0000000008000f06        0x2 
 .text.HAL_DMA_Abort_IT
                0x0000000008000f08       0xec Drivers/STM32F1xx_HAL_Driver/Src/stm32f1xx_hal_dma.o
                0x0000000008000f08                HAL_DMA_Abort_IT
 .text.HAL_DMA_IRQHandler
                0x0000000008000ff4      0x20c Drivers/STM32F1xx_HAL_Driver/Src/stm32f1xx_hal_dma.o
                0x0000000008000ff4                HAL_DMA_IRQHandler
 .text.DMA_SetConfig
                0x0000000008001200       0x5a Drivers/STM32F1xx_HAL_Driver/Src/stm32f1xx_hal_dma.o
 *fill*         0x000000000800125a        0x2 
 .text.HAL_GPIO_Init
                0x000000000800125c      0x2b4 Drivers/STM32F1xx_HAL_Driver/Src/stm32f1xx_hal_gpio.o
                0x000000000800125c                HAL_GPIO_Init
 .text.HAL_GPIO_WritePin
                0x0000000008001510       0x30 Drivers/STM32F1xx_HAL_Driver/Src/stm32f1xx_hal_gpio.o
                0x0000000008001510                HAL_GPIO_WritePin
 .text.HAL_GPIO_TogglePin
                0x0000000008001540       0x32 Drivers/STM32F1xx_HAL_Driver/Src/stm32f1xx_hal_gpio.o
                0x0000000008001540                HAL_GPIO_TogglePin
 *fill*         0x0000000008001572        0x2 
 .text.HAL_GPIO_EXTI_IRQHandler
                0x0000000008001574       0x30 Drivers/STM32F1xx_HAL_Driver/Src/stm32f1xx_hal_gpio.o
                0x0000000008001574                HAL_GPIO_EXTI_IRQHandler
 .text.HAL_GPIO_EXTI_Callback
                0x00000000080015a4       0x14 Drivers/STM32F1xx_HAL_Driver/Src/stm32f1xx_hal_gpio.o
                0x00000000080015a4                HAL_GPIO_EXTI_Callback
 .text.HAL_I2C_Init
                0x00000000080015b8      0x270 Drivers/STM32F1xx_HAL_Driver/Src/stm32f1xx_hal_i2c.o
                0x00000000080015b8                HAL_I2C_Init
 .text.HAL_I2C_Mem_Write
                0x0000000008001828      0x1f4 Drivers/STM32F1xx_HAL_Driver/Src/stm32f1xx_hal_i2c.o
                0x0000000008001828                HAL_I2C_Mem_Write
 .text.HAL_I2C_Mem_Read
                0x0000000008001a1c      0x4c4 Drivers/STM32F1xx_HAL_Driver/Src/stm32f1xx_hal_i2c.o
                0x0000000008001a1c                HAL_I2C_Mem_Read
 .text.I2C_RequestMemoryWrite
                0x0000000008001ee0      0x12c Drivers/STM32F1xx_HAL_Driver/Src/stm32f1xx_hal_i2c.o
 .text.I2C_RequestMemoryRead
                0x000000000800200c      0x1d0 Drivers/STM32F1xx_HAL_Driver/Src/stm32f1xx_hal_i2c.o
 .text.I2C_WaitOnFlagUntilTimeout
                0x00000000080021dc       0xae Drivers/STM32F1xx_HAL_Driver/Src/stm32f1xx_hal_i2c.o
 .text.I2C_WaitOnMasterAddressFlagUntilTimeout
                0x000000000800228a       0xfe Drivers/STM32F1xx_HAL_Driver/Src/stm32f1xx_hal_i2c.o
 .text.I2C_WaitOnTXEFlagUntilTimeout
                0x0000000008002388       0x82 Drivers/STM32F1xx_HAL_Driver/Src/stm32f1xx_hal_i2c.o
 .text.I2C_WaitOnBTFFlagUntilTimeout
                0x000000000800240a       0x82 Drivers/STM32F1xx_HAL_Driver/Src/stm32f1xx_hal_i2c.o
 .text.I2C_WaitOnRXNEFlagUntilTimeout
                0x000000000800248c       0xac Drivers/STM32F1xx_HAL_Driver/Src/stm32f1xx_hal_i2c.o
 .text.I2C_IsAcknowledgeFailed
                0x0000000008002538       0x5c Drivers/STM32F1xx_HAL_Driver/Src/stm32f1xx_hal_i2c.o
 .text.HAL_RCC_OscConfig
                0x0000000008002594      0x500 Drivers/STM32F1xx_HAL_Driver/Src/stm32f1xx_hal_rcc.o
                0x0000000008002594                HAL_RCC_OscConfig
 .text.HAL_RCC_ClockConfig
                0x0000000008002a94      0x1d4 Drivers/STM32F1xx_HAL_Driver/Src/stm32f1xx_hal_rcc.o
                0x0000000008002a94                HAL_RCC_ClockConfig
 .text.HAL_RCC_GetSysClockFreq
                0x0000000008002c68       0xc4 Drivers/STM32F1xx_HAL_Driver/Src/stm32f1xx_hal_rcc.o
                0x0000000008002c68                HAL_RCC_GetSysClockFreq
 .text.HAL_RCC_GetHCLKFreq
                0x0000000008002d2c       0x14 Drivers/STM32F1xx_HAL_Driver/Src/stm32f1xx_hal_rcc.o
                0x0000000008002d2c                HAL_RCC_GetHCLKFreq
 .text.HAL_RCC_GetPCLK1Freq
                0x0000000008002d40       0x28 Drivers/STM32F1xx_HAL_Driver/Src/stm32f1xx_hal_rcc.o
                0x0000000008002d40                HAL_RCC_GetPCLK1Freq
 .text.HAL_RCC_GetPCLK2Freq
                0x0000000008002d68       0x28 Drivers/STM32F1xx_HAL_Driver/Src/stm32f1xx_hal_rcc.o
                0x0000000008002d68                HAL_RCC_GetPCLK2Freq
 .text.RCC_Delay
                0x0000000008002d90       0x3c Drivers/STM32F1xx_HAL_Driver/Src/stm32f1xx_hal_rcc.o
 .text.HAL_TIM_Base_Init
                0x0000000008002dcc       0x9e Drivers/STM32F1xx_HAL_Driver/Src/stm32f1xx_hal_tim.o
                0x0000000008002dcc                HAL_TIM_Base_Init
 .text.HAL_TIM_PWM_Init
                0x0000000008002e6a       0x9e Drivers/STM32F1xx_HAL_Driver/Src/stm32f1xx_hal_tim.o
                0x0000000008002e6a                HAL_TIM_PWM_Init
 .text.HAL_TIM_PWM_MspInit
                0x0000000008002f08       0x12 Drivers/STM32F1xx_HAL_Driver/Src/stm32f1xx_hal_tim.o
                0x0000000008002f08                HAL_TIM_PWM_MspInit
 *fill*         0x0000000008002f1a        0x2 
 .text.HAL_TIM_PWM_Start
                0x0000000008002f1c      0x144 Drivers/STM32F1xx_HAL_Driver/Src/stm32f1xx_hal_tim.o
                0x0000000008002f1c                HAL_TIM_PWM_Start
 .text.HAL_TIM_PWM_ConfigChannel
                0x0000000008003060      0x17c Drivers/STM32F1xx_HAL_Driver/Src/stm32f1xx_hal_tim.o
                0x0000000008003060                HAL_TIM_PWM_ConfigChannel
 .text.HAL_TIM_ConfigClockSource
                0x00000000080031dc      0x16e Drivers/STM32F1xx_HAL_Driver/Src/stm32f1xx_hal_tim.o
                0x00000000080031dc                HAL_TIM_ConfigClockSource
 *fill*         0x000000000800334a        0x2 
 .text.TIM_Base_SetConfig
                0x000000000800334c       0xc4 Drivers/STM32F1xx_HAL_Driver/Src/stm32f1xx_hal_tim.o
                0x000000000800334c                TIM_Base_SetConfig
 .text.TIM_OC1_SetConfig
                0x0000000008003410       0xcc Drivers/STM32F1xx_HAL_Driver/Src/stm32f1xx_hal_tim.o
 .text.TIM_OC2_SetConfig
                0x00000000080034dc       0xd4 Drivers/STM32F1xx_HAL_Driver/Src/stm32f1xx_hal_tim.o
                0x00000000080034dc                TIM_OC2_SetConfig
 .text.TIM_OC3_SetConfig
                0x00000000080035b0       0xd4 Drivers/STM32F1xx_HAL_Driver/Src/stm32f1xx_hal_tim.o
 .text.TIM_OC4_SetConfig
                0x0000000008003684       0x9c Drivers/STM32F1xx_HAL_Driver/Src/stm32f1xx_hal_tim.o
 .text.TIM_TI1_ConfigInputStage
                0x0000000008003720       0x5c Drivers/STM32F1xx_HAL_Driver/Src/stm32f1xx_hal_tim.o
 .text.TIM_TI2_ConfigInputStage
                0x000000000800377c       0x5e Drivers/STM32F1xx_HAL_Driver/Src/stm32f1xx_hal_tim.o
 .text.TIM_ITRx_SetConfig
                0x00000000080037da       0x34 Drivers/STM32F1xx_HAL_Driver/Src/stm32f1xx_hal_tim.o
 .text.TIM_ETR_SetConfig
                0x000000000800380e       0x3e Drivers/STM32F1xx_HAL_Driver/Src/stm32f1xx_hal_tim.o
                0x000000000800380e                TIM_ETR_SetConfig
 .text.TIM_CCxChannelCmd
                0x000000000800384c       0x48 Drivers/STM32F1xx_HAL_Driver/Src/stm32f1xx_hal_tim.o
                0x000000000800384c                TIM_CCxChannelCmd
 .text.HAL_TIMEx_MasterConfigSynchronization
                0x0000000008003894       0xbc Drivers/STM32F1xx_HAL_Driver/Src/stm32f1xx_hal_tim_ex.o
                0x0000000008003894                HAL_TIMEx_MasterConfigSynchronization
 .text.HAL_UART_Init
                0x0000000008003950       0x9a Drivers/STM32F1xx_HAL_Driver/Src/stm32f1xx_hal_uart.o
                0x0000000008003950                HAL_UART_Init
 *fill*         0x00000000080039ea        0x2 
 .text.HAL_UART_Receive_DMA
                0x00000000080039ec      0x100 Drivers/STM32F1xx_HAL_Driver/Src/stm32f1xx_hal_uart.o
                0x00000000080039ec                HAL_UART_Receive_DMA
 .text.HAL_UART_IRQHandler
                0x0000000008003aec      0x200 Drivers/STM32F1xx_HAL_Driver/Src/stm32f1xx_hal_uart.o
                0x0000000008003aec                HAL_UART_IRQHandler
 .text.HAL_UART_TxCpltCallback
                0x0000000008003cec       0x12 Drivers/STM32F1xx_HAL_Driver/Src/stm32f1xx_hal_uart.o
                0x0000000008003cec                HAL_UART_TxCpltCallback
 .text.HAL_UART_RxHalfCpltCallback
                0x0000000008003cfe       0x12 Drivers/STM32F1xx_HAL_Driver/Src/stm32f1xx_hal_uart.o
                0x0000000008003cfe                HAL_UART_RxHalfCpltCallback
 .text.HAL_UART_ErrorCallback
                0x0000000008003d10       0x12 Drivers/STM32F1xx_HAL_Driver/Src/stm32f1xx_hal_uart.o
                0x0000000008003d10                HAL_UART_ErrorCallback
 .text.UART_DMAReceiveCplt
                0x0000000008003d22       0x68 Drivers/STM32F1xx_HAL_Driver/Src/stm32f1xx_hal_uart.o
 .text.UART_DMARxHalfCplt
                0x0000000008003d8a       0x1c Drivers/STM32F1xx_HAL_Driver/Src/stm32f1xx_hal_uart.o
 .text.UART_DMAError
                0x0000000008003da6       0x94 Drivers/STM32F1xx_HAL_Driver/Src/stm32f1xx_hal_uart.o
 .text.UART_EndTxTransfer
                0x0000000008003e3a       0x2a Drivers/STM32F1xx_HAL_Driver/Src/stm32f1xx_hal_uart.o
 .text.UART_EndRxTransfer
                0x0000000008003e64       0x3a Drivers/STM32F1xx_HAL_Driver/Src/stm32f1xx_hal_uart.o
 .text.UART_DMAAbortOnError
                0x0000000008003e9e       0x28 Drivers/STM32F1xx_HAL_Driver/Src/stm32f1xx_hal_uart.o
 .text.UART_Transmit_IT
                0x0000000008003ec6       0x9e Drivers/STM32F1xx_HAL_Driver/Src/stm32f1xx_hal_uart.o
 .text.UART_EndTransmit_IT
                0x0000000008003f64       0x30 Drivers/STM32F1xx_HAL_Driver/Src/stm32f1xx_hal_uart.o
 .text.UART_Receive_IT
                0x0000000008003f94      0x100 Drivers/STM32F1xx_HAL_Driver/Src/stm32f1xx_hal_uart.o
 .text.UART_SetConfig
                0x0000000008004094      0x11c Drivers/STM32F1xx_HAL_Driver/Src/stm32f1xx_hal_uart.o
 .text.__libc_init_array
                0x00000000080041b0       0x48 c:/st/stm32cubeide_1.1.0/stm32cubeide/plugins/com.st.stm32cube.ide.mcu.externaltools.gnu-tools-for-stm32.7-2018-q2-update.win32_1.4.0.202007081208/tools/bin/../lib/gcc/arm-none-eabi/7.3.1/../../../../arm-none-eabi/lib/thumb/v7-m\libc_nano.a(lib_a-init.o)
                0x00000000080041b0                __libc_init_array
 .text.memset   0x00000000080041f8       0x10 c:/st/stm32cubeide_1.1.0/stm32cubeide/plugins/com.st.stm32cube.ide.mcu.externaltools.gnu-tools-for-stm32.7-2018-q2-update.win32_1.4.0.202007081208/tools/bin/../lib/gcc/arm-none-eabi/7.3.1/../../../../arm-none-eabi/lib/thumb/v7-m\libc_nano.a(lib_a-memset.o)
                0x00000000080041f8                memset
 *(.glue_7)
 .glue_7        0x0000000008004208        0x0 linker stubs
 *(.glue_7t)
 .glue_7t       0x0000000008004208        0x0 linker stubs
 *(.eh_frame)
 .eh_frame      0x0000000008004208        0x0 c:/st/stm32cubeide_1.1.0/stm32cubeide/plugins/com.st.stm32cube.ide.mcu.externaltools.gnu-tools-for-stm32.7-2018-q2-update.win32_1.4.0.202007081208/tools/bin/../lib/gcc/arm-none-eabi/7.3.1/thumb/v7-m/crtbegin.o
 *(.init)
 .init          0x0000000008004208        0x4 c:/st/stm32cubeide_1.1.0/stm32cubeide/plugins/com.st.stm32cube.ide.mcu.externaltools.gnu-tools-for-stm32.7-2018-q2-update.win32_1.4.0.202007081208/tools/bin/../lib/gcc/arm-none-eabi/7.3.1/thumb/v7-m/crti.o
                0x0000000008004208                _init
 .init          0x000000000800420c        0x8 c:/st/stm32cubeide_1.1.0/stm32cubeide/plugins/com.st.stm32cube.ide.mcu.externaltools.gnu-tools-for-stm32.7-2018-q2-update.win32_1.4.0.202007081208/tools/bin/../lib/gcc/arm-none-eabi/7.3.1/thumb/v7-m/crtn.o
 *(.fini)
 .fini          0x0000000008004214        0x4 c:/st/stm32cubeide_1.1.0/stm32cubeide/plugins/com.st.stm32cube.ide.mcu.externaltools.gnu-tools-for-stm32.7-2018-q2-update.win32_1.4.0.202007081208/tools/bin/../lib/gcc/arm-none-eabi/7.3.1/thumb/v7-m/crti.o
                0x0000000008004214                _fini
 .fini          0x0000000008004218        0x8 c:/st/stm32cubeide_1.1.0/stm32cubeide/plugins/com.st.stm32cube.ide.mcu.externaltools.gnu-tools-for-stm32.7-2018-q2-update.win32_1.4.0.202007081208/tools/bin/../lib/gcc/arm-none-eabi/7.3.1/thumb/v7-m/crtn.o
                0x0000000008004220                . = ALIGN (0x4)
                0x0000000008004220                _etext = .

.vfp11_veneer   0x0000000008004220        0x0
 .vfp11_veneer  0x0000000008004220        0x0 linker stubs

.v4_bx          0x0000000008004220        0x0
 .v4_bx         0x0000000008004220        0x0 linker stubs

.iplt           0x0000000008004220        0x0
 .iplt          0x0000000008004220        0x0 c:/st/stm32cubeide_1.1.0/stm32cubeide/plugins/com.st.stm32cube.ide.mcu.externaltools.gnu-tools-for-stm32.7-2018-q2-update.win32_1.4.0.202007081208/tools/bin/../lib/gcc/arm-none-eabi/7.3.1/thumb/v7-m/crtbegin.o

.rodata         0x0000000008004220       0x30
                0x0000000008004220                . = ALIGN (0x4)
 *(.rodata)
 .rodata        0x0000000008004220        0x2 Core/Src/main.o
 *fill*         0x0000000008004222        0x2 
 .rodata        0x0000000008004224       0x12 Drivers/STM32F1xx_HAL_Driver/Src/stm32f1xx_hal_rcc.o
 *(.rodata*)
 *fill*         0x0000000008004236        0x2 
 .rodata.AHBPrescTable
                0x0000000008004238       0x10 Core/Src/system_stm32f1xx.o
                0x0000000008004238                AHBPrescTable
 .rodata.APBPrescTable
                0x0000000008004248        0x8 Core/Src/system_stm32f1xx.o
                0x0000000008004248                APBPrescTable
                0x0000000008004250                . = ALIGN (0x4)

.rel.dyn        0x0000000008004250        0x0
 .rel.iplt      0x0000000008004250        0x0 c:/st/stm32cubeide_1.1.0/stm32cubeide/plugins/com.st.stm32cube.ide.mcu.externaltools.gnu-tools-for-stm32.7-2018-q2-update.win32_1.4.0.202007081208/tools/bin/../lib/gcc/arm-none-eabi/7.3.1/thumb/v7-m/crtbegin.o

.ARM.extab      0x0000000008004250        0x0
                0x0000000008004250                . = ALIGN (0x4)
 *(.ARM.extab* .gnu.linkonce.armextab.*)
                0x0000000008004250                . = ALIGN (0x4)

.ARM            0x0000000008004250        0x0
                0x0000000008004250                . = ALIGN (0x4)
                0x0000000008004250                __exidx_start = .
 *(.ARM.exidx*)
                0x0000000008004250                __exidx_end = .
                0x0000000008004250                . = ALIGN (0x4)

.preinit_array  0x0000000008004250        0x0
                0x0000000008004250                . = ALIGN (0x4)
                0x0000000008004250                PROVIDE (__preinit_array_start = .)
 *(.preinit_array*)
                0x0000000008004250                PROVIDE (__preinit_array_end = .)
                0x0000000008004250                . = ALIGN (0x4)

.init_array     0x0000000008004250        0x4
                0x0000000008004250                . = ALIGN (0x4)
                0x0000000008004250                PROVIDE (__init_array_start = .)
 *(SORT_BY_NAME(.init_array.*))
 *(.init_array*)
 .init_array    0x0000000008004250        0x4 c:/st/stm32cubeide_1.1.0/stm32cubeide/plugins/com.st.stm32cube.ide.mcu.externaltools.gnu-tools-for-stm32.7-2018-q2-update.win32_1.4.0.202007081208/tools/bin/../lib/gcc/arm-none-eabi/7.3.1/thumb/v7-m/crtbegin.o
                0x0000000008004254                PROVIDE (__init_array_end = .)
                0x0000000008004254                . = ALIGN (0x4)

.fini_array     0x0000000008004254        0x4
                0x0000000008004254                . = ALIGN (0x4)
                [!provide]                        PROVIDE (__fini_array_start = .)
 *(SORT_BY_NAME(.fini_array.*))
 *(.fini_array*)
 .fini_array    0x0000000008004254        0x4 c:/st/stm32cubeide_1.1.0/stm32cubeide/plugins/com.st.stm32cube.ide.mcu.externaltools.gnu-tools-for-stm32.7-2018-q2-update.win32_1.4.0.202007081208/tools/bin/../lib/gcc/arm-none-eabi/7.3.1/thumb/v7-m/crtbegin.o
                [!provide]                        PROVIDE (__fini_array_end = .)
                0x0000000008004258                . = ALIGN (0x4)
                0x0000000008004258                _sidata = LOADADDR (.data)

.data           0x0000000020000000       0x10 load address 0x0000000008004258
                0x0000000020000000                . = ALIGN (0x4)
                0x0000000020000000                _sdata = .
 *(.data)
 *(.data*)
 .data.TIM_CHANNELS
                0x0000000020000000        0x4 Core/Src/main.o
                0x0000000020000000                TIM_CHANNELS
 .data.SystemCoreClock
                0x0000000020000004        0x4 Core/Src/system_stm32f1xx.o
                0x0000000020000004                SystemCoreClock
 .data.uwTickPrio
                0x0000000020000008        0x4 Drivers/STM32F1xx_HAL_Driver/Src/stm32f1xx_hal.o
                0x0000000020000008                uwTickPrio
 .data.uwTickFreq
                0x000000002000000c        0x1 Drivers/STM32F1xx_HAL_Driver/Src/stm32f1xx_hal.o
                0x000000002000000c                uwTickFreq
                0x0000000020000010                . = ALIGN (0x4)
 *fill*         0x000000002000000d        0x3 
                0x0000000020000010                _edata = .

.igot.plt       0x0000000020000010        0x0 load address 0x0000000008004268
 .igot.plt      0x0000000020000010        0x0 c:/st/stm32cubeide_1.1.0/stm32cubeide/plugins/com.st.stm32cube.ide.mcu.externaltools.gnu-tools-for-stm32.7-2018-q2-update.win32_1.4.0.202007081208/tools/bin/../lib/gcc/arm-none-eabi/7.3.1/thumb/v7-m/crtbegin.o
                0x0000000020000010                . = ALIGN (0x4)

.bss            0x0000000020000010      0x14c load address 0x0000000008004268
                0x0000000020000010                _sbss = .
                0x0000000020000010                __bss_start__ = _sbss
 *(.bss)
 .bss           0x0000000020000010       0x1c c:/st/stm32cubeide_1.1.0/stm32cubeide/plugins/com.st.stm32cube.ide.mcu.externaltools.gnu-tools-for-stm32.7-2018-q2-update.win32_1.4.0.202007081208/tools/bin/../lib/gcc/arm-none-eabi/7.3.1/thumb/v7-m/crtbegin.o
 *(.bss*)
 *(COMMON)
 COMMON         0x000000002000002c       0x54 Core/Src/i2c.o
                0x000000002000002c                hi2c1
 COMMON         0x0000000020000080        0xc Core/Src/main.o
                0x0000000020000080                rx_buffer
                0x0000000020000088                PWM_buffer
 COMMON         0x000000002000008c       0x48 Core/Src/tim.o
                0x000000002000008c                htim2
 COMMON         0x00000000200000d4       0x84 Core/Src/usart.o
                0x00000000200000d4                hdma_usart2_rx
                0x0000000020000118                huart2
 COMMON         0x0000000020000158        0x4 Drivers/STM32F1xx_HAL_Driver/Src/stm32f1xx_hal.o
                0x0000000020000158                uwTick
                0x000000002000015c                . = ALIGN (0x4)
                0x000000002000015c                _ebss = .
                0x000000002000015c                __bss_end__ = _ebss

._user_heap_stack
                0x000000002000015c      0x604 load address 0x0000000008004268
                0x0000000020000160                . = ALIGN (0x8)
 *fill*         0x000000002000015c        0x4 
                [!provide]                        PROVIDE (end = .)
                0x0000000020000160                PROVIDE (_end = .)
                0x0000000020000360                . = (. + _Min_Heap_Size)
 *fill*         0x0000000020000160      0x200 
                0x0000000020000760                . = (. + _Min_Stack_Size)
 *fill*         0x0000000020000360      0x400 
                0x0000000020000760                . = ALIGN (0x8)

/DISCARD/
 libc.a(*)
 libm.a(*)
 libgcc.a(*)

.ARM.attributes
                0x0000000000000000       0x29
 *(.ARM.attributes)
 .ARM.attributes
                0x0000000000000000       0x1d c:/st/stm32cubeide_1.1.0/stm32cubeide/plugins/com.st.stm32cube.ide.mcu.externaltools.gnu-tools-for-stm32.7-2018-q2-update.win32_1.4.0.202007081208/tools/bin/../lib/gcc/arm-none-eabi/7.3.1/thumb/v7-m/crti.o
 .ARM.attributes
                0x000000000000001d       0x2d c:/st/stm32cubeide_1.1.0/stm32cubeide/plugins/com.st.stm32cube.ide.mcu.externaltools.gnu-tools-for-stm32.7-2018-q2-update.win32_1.4.0.202007081208/tools/bin/../lib/gcc/arm-none-eabi/7.3.1/thumb/v7-m/crtbegin.o
 .ARM.attributes
                0x000000000000004a       0x33 Core/Src/dma.o
 .ARM.attributes
                0x000000000000007d       0x33 Core/Src/gpio.o
 .ARM.attributes
                0x00000000000000b0       0x33 Core/Src/i2c.o
 .ARM.attributes
                0x00000000000000e3       0x33 Core/Src/main.o
 .ARM.attributes
                0x0000000000000116       0x33 Core/Src/stm32f1xx_hal_msp.o
 .ARM.attributes
                0x0000000000000149       0x33 Core/Src/stm32f1xx_it.o
 .ARM.attributes
                0x000000000000017c       0x33 Core/Src/system_stm32f1xx.o
 .ARM.attributes
                0x00000000000001af       0x33 Core/Src/tim.o
 .ARM.attributes
                0x00000000000001e2       0x33 Core/Src/usart.o
 .ARM.attributes
                0x0000000000000215       0x21 Core/Startup/startup_stm32f103rbtx.o
 .ARM.attributes
                0x0000000000000236       0x33 Drivers/STM32F1xx_HAL_Driver/Src/stm32f1xx_hal.o
 .ARM.attributes
                0x0000000000000269       0x33 Drivers/STM32F1xx_HAL_Driver/Src/stm32f1xx_hal_cortex.o
 .ARM.attributes
                0x000000000000029c       0x33 Drivers/STM32F1xx_HAL_Driver/Src/stm32f1xx_hal_dma.o
 .ARM.attributes
                0x00000000000002cf       0x33 Drivers/STM32F1xx_HAL_Driver/Src/stm32f1xx_hal_gpio.o
 .ARM.attributes
                0x0000000000000302       0x33 Drivers/STM32F1xx_HAL_Driver/Src/stm32f1xx_hal_i2c.o
 .ARM.attributes
                0x0000000000000335       0x33 Drivers/STM32F1xx_HAL_Driver/Src/stm32f1xx_hal_rcc.o
 .ARM.attributes
                0x0000000000000368       0x33 Drivers/STM32F1xx_HAL_Driver/Src/stm32f1xx_hal_tim.o
 .ARM.attributes
                0x000000000000039b       0x33 Drivers/STM32F1xx_HAL_Driver/Src/stm32f1xx_hal_tim_ex.o
 .ARM.attributes
                0x00000000000003ce       0x33 Drivers/STM32F1xx_HAL_Driver/Src/stm32f1xx_hal_uart.o
 .ARM.attributes
                0x0000000000000401       0x2d c:/st/stm32cubeide_1.1.0/stm32cubeide/plugins/com.st.stm32cube.ide.mcu.externaltools.gnu-tools-for-stm32.7-2018-q2-update.win32_1.4.0.202007081208/tools/bin/../lib/gcc/arm-none-eabi/7.3.1/../../../../arm-none-eabi/lib/thumb/v7-m\libc_nano.a(lib_a-init.o)
 .ARM.attributes
                0x000000000000042e       0x2d c:/st/stm32cubeide_1.1.0/stm32cubeide/plugins/com.st.stm32cube.ide.mcu.externaltools.gnu-tools-for-stm32.7-2018-q2-update.win32_1.4.0.202007081208/tools/bin/../lib/gcc/arm-none-eabi/7.3.1/../../../../arm-none-eabi/lib/thumb/v7-m\libc_nano.a(lib_a-memset.o)
 .ARM.attributes
                0x000000000000045b       0x1d c:/st/stm32cubeide_1.1.0/stm32cubeide/plugins/com.st.stm32cube.ide.mcu.externaltools.gnu-tools-for-stm32.7-2018-q2-update.win32_1.4.0.202007081208/tools/bin/../lib/gcc/arm-none-eabi/7.3.1/thumb/v7-m/crtn.o
OUTPUT(Robocik_1.elf elf32-littlearm)

.debug_info     0x0000000000000000     0xdbda
 .debug_info    0x0000000000000000      0x378 Core/Src/dma.o
 .debug_info    0x0000000000000378      0x4bf Core/Src/gpio.o
 .debug_info    0x0000000000000837      0x8ca Core/Src/i2c.o
 .debug_info    0x0000000000001101      0xfaf Core/Src/main.o
 .debug_info    0x00000000000020b0      0x2d6 Core/Src/stm32f1xx_hal_msp.o
 .debug_info    0x0000000000002386      0x66a Core/Src/stm32f1xx_it.o
 .debug_info    0x00000000000029f0      0x29a Core/Src/system_stm32f1xx.o
 .debug_info    0x0000000000002c8a      0xa96 Core/Src/tim.o
 .debug_info    0x0000000000003720      0x90a Core/Src/usart.o
 .debug_info    0x000000000000402a       0x22 Core/Startup/startup_stm32f103rbtx.o
 .debug_info    0x000000000000404c      0x714 Drivers/STM32F1xx_HAL_Driver/Src/stm32f1xx_hal.o
 .debug_info    0x0000000000004760      0xb51 Drivers/STM32F1xx_HAL_Driver/Src/stm32f1xx_hal_cortex.o
 .debug_info    0x00000000000052b1      0x7b1 Drivers/STM32F1xx_HAL_Driver/Src/stm32f1xx_hal_dma.o
 .debug_info    0x0000000000005a62      0x69b Drivers/STM32F1xx_HAL_Driver/Src/stm32f1xx_hal_gpio.o
 .debug_info    0x00000000000060fd     0x2555 Drivers/STM32F1xx_HAL_Driver/Src/stm32f1xx_hal_i2c.o
 .debug_info    0x0000000000008652      0x80f Drivers/STM32F1xx_HAL_Driver/Src/stm32f1xx_hal_rcc.o
 .debug_info    0x0000000000008e61     0x27ef Drivers/STM32F1xx_HAL_Driver/Src/stm32f1xx_hal_tim.o
 .debug_info    0x000000000000b650     0x136f Drivers/STM32F1xx_HAL_Driver/Src/stm32f1xx_hal_tim_ex.o
 .debug_info    0x000000000000c9bf     0x121b Drivers/STM32F1xx_HAL_Driver/Src/stm32f1xx_hal_uart.o

.debug_abbrev   0x0000000000000000     0x2099
 .debug_abbrev  0x0000000000000000      0x107 Core/Src/dma.o
 .debug_abbrev  0x0000000000000107      0x13d Core/Src/gpio.o
 .debug_abbrev  0x0000000000000244      0x199 Core/Src/i2c.o
 .debug_abbrev  0x00000000000003dd      0x210 Core/Src/main.o
 .debug_abbrev  0x00000000000005ed      0x109 Core/Src/stm32f1xx_hal_msp.o
 .debug_abbrev  0x00000000000006f6      0x149 Core/Src/stm32f1xx_it.o
 .debug_abbrev  0x000000000000083f      0x134 Core/Src/system_stm32f1xx.o
 .debug_abbrev  0x0000000000000973      0x1c4 Core/Src/tim.o
 .debug_abbrev  0x0000000000000b37      0x1b3 Core/Src/usart.o
 .debug_abbrev  0x0000000000000cea       0x12 Core/Startup/startup_stm32f103rbtx.o
 .debug_abbrev  0x0000000000000cfc      0x1c7 Drivers/STM32F1xx_HAL_Driver/Src/stm32f1xx_hal.o
 .debug_abbrev  0x0000000000000ec3      0x2d5 Drivers/STM32F1xx_HAL_Driver/Src/stm32f1xx_hal_cortex.o
 .debug_abbrev  0x0000000000001198      0x1fe Drivers/STM32F1xx_HAL_Driver/Src/stm32f1xx_hal_dma.o
 .debug_abbrev  0x0000000000001396      0x1c0 Drivers/STM32F1xx_HAL_Driver/Src/stm32f1xx_hal_gpio.o
 .debug_abbrev  0x0000000000001556      0x258 Drivers/STM32F1xx_HAL_Driver/Src/stm32f1xx_hal_i2c.o
 .debug_abbrev  0x00000000000017ae      0x243 Drivers/STM32F1xx_HAL_Driver/Src/stm32f1xx_hal_rcc.o
 .debug_abbrev  0x00000000000019f1      0x230 Drivers/STM32F1xx_HAL_Driver/Src/stm32f1xx_hal_tim.o
 .debug_abbrev  0x0000000000001c21      0x236 Drivers/STM32F1xx_HAL_Driver/Src/stm32f1xx_hal_tim_ex.o
 .debug_abbrev  0x0000000000001e57      0x242 Drivers/STM32F1xx_HAL_Driver/Src/stm32f1xx_hal_uart.o

.debug_aranges  0x0000000000000000      0xef8
 .debug_aranges
                0x0000000000000000       0x20 Core/Src/dma.o
 .debug_aranges
                0x0000000000000020       0x20 Core/Src/gpio.o
 .debug_aranges
                0x0000000000000040       0x30 Core/Src/i2c.o
 .debug_aranges
                0x0000000000000070       0x48 Core/Src/main.o
 .debug_aranges
                0x00000000000000b8       0x20 Core/Src/stm32f1xx_hal_msp.o
 .debug_aranges
                0x00000000000000d8       0x78 Core/Src/stm32f1xx_it.o
 .debug_aranges
                0x0000000000000150       0x28 Core/Src/system_stm32f1xx.o
 .debug_aranges
                0x0000000000000178       0x38 Core/Src/tim.o
 .debug_aranges
                0x00000000000001b0       0x30 Core/Src/usart.o
 .debug_aranges
                0x00000000000001e0       0x28 Core/Startup/startup_stm32f103rbtx.o
 .debug_aranges
                0x0000000000000208       0xe0 Drivers/STM32F1xx_HAL_Driver/Src/stm32f1xx_hal.o
 .debug_aranges
                0x00000000000002e8      0x100 Drivers/STM32F1xx_HAL_Driver/Src/stm32f1xx_hal_cortex.o
 .debug_aranges
                0x00000000000003e8       0x80 Drivers/STM32F1xx_HAL_Driver/Src/stm32f1xx_hal_dma.o
 .debug_aranges
                0x0000000000000468       0x58 Drivers/STM32F1xx_HAL_Driver/Src/stm32f1xx_hal_gpio.o
 .debug_aranges
                0x00000000000004c0      0x2a0 Drivers/STM32F1xx_HAL_Driver/Src/stm32f1xx_hal_i2c.o
 .debug_aranges
                0x0000000000000760       0x90 Drivers/STM32F1xx_HAL_Driver/Src/stm32f1xx_hal_rcc.o
 .debug_aranges
                0x00000000000007f0      0x3d0 Drivers/STM32F1xx_HAL_Driver/Src/stm32f1xx_hal_tim.o
 .debug_aranges
                0x0000000000000bc0      0x168 Drivers/STM32F1xx_HAL_Driver/Src/stm32f1xx_hal_tim_ex.o
 .debug_aranges
                0x0000000000000d28      0x1d0 Drivers/STM32F1xx_HAL_Driver/Src/stm32f1xx_hal_uart.o

.debug_ranges   0x0000000000000000      0xdf8
 .debug_ranges  0x0000000000000000       0x10 Core/Src/dma.o
 .debug_ranges  0x0000000000000010       0x10 Core/Src/gpio.o
 .debug_ranges  0x0000000000000020       0x20 Core/Src/i2c.o
 .debug_ranges  0x0000000000000040       0x38 Core/Src/main.o
 .debug_ranges  0x0000000000000078       0x10 Core/Src/stm32f1xx_hal_msp.o
 .debug_ranges  0x0000000000000088       0x68 Core/Src/stm32f1xx_it.o
 .debug_ranges  0x00000000000000f0       0x18 Core/Src/system_stm32f1xx.o
 .debug_ranges  0x0000000000000108       0x28 Core/Src/tim.o
 .debug_ranges  0x0000000000000130       0x20 Core/Src/usart.o
 .debug_ranges  0x0000000000000150       0x20 Core/Startup/startup_stm32f103rbtx.o
 .debug_ranges  0x0000000000000170       0xd0 Drivers/STM32F1xx_HAL_Driver/Src/stm32f1xx_hal.o
 .debug_ranges  0x0000000000000240       0xf0 Drivers/STM32F1xx_HAL_Driver/Src/stm32f1xx_hal_cortex.o
 .debug_ranges  0x0000000000000330       0x70 Drivers/STM32F1xx_HAL_Driver/Src/stm32f1xx_hal_dma.o
 .debug_ranges  0x00000000000003a0       0x48 Drivers/STM32F1xx_HAL_Driver/Src/stm32f1xx_hal_gpio.o
 .debug_ranges  0x00000000000003e8      0x2b8 Drivers/STM32F1xx_HAL_Driver/Src/stm32f1xx_hal_i2c.o
 .debug_ranges  0x00000000000006a0       0x80 Drivers/STM32F1xx_HAL_Driver/Src/stm32f1xx_hal_rcc.o
 .debug_ranges  0x0000000000000720      0x3c0 Drivers/STM32F1xx_HAL_Driver/Src/stm32f1xx_hal_tim.o
 .debug_ranges  0x0000000000000ae0      0x158 Drivers/STM32F1xx_HAL_Driver/Src/stm32f1xx_hal_tim_ex.o
 .debug_ranges  0x0000000000000c38      0x1c0 Drivers/STM32F1xx_HAL_Driver/Src/stm32f1xx_hal_uart.o

.debug_macro    0x0000000000000000    0x179c8
 .debug_macro   0x0000000000000000      0x1c6 Core/Src/dma.o
 .debug_macro   0x00000000000001c6      0xa5a Core/Src/dma.o
 .debug_macro   0x0000000000000c20      0x227 Core/Src/dma.o
 .debug_macro   0x0000000000000e47       0x2e Core/Src/dma.o
 .debug_macro   0x0000000000000e75       0x22 Core/Src/dma.o
 .debug_macro   0x0000000000000e97       0x22 Core/Src/dma.o
 .debug_macro   0x0000000000000eb9       0x8e Core/Src/dma.o
 .debug_macro   0x0000000000000f47       0x51 Core/Src/dma.o
 .debug_macro   0x0000000000000f98       0xef Core/Src/dma.o
 .debug_macro   0x0000000000001087       0x6a Core/Src/dma.o
 .debug_macro   0x00000000000010f1      0x1df Core/Src/dma.o
 .debug_macro   0x00000000000012d0       0x1c Core/Src/dma.o
 .debug_macro   0x00000000000012ec       0x22 Core/Src/dma.o
 .debug_macro   0x000000000000130e       0xc3 Core/Src/dma.o
 .debug_macro   0x00000000000013d1      0xd23 Core/Src/dma.o
 .debug_macro   0x00000000000020f4     0xe097 Core/Src/dma.o
 .debug_macro   0x000000000001018b       0x43 Core/Src/dma.o
 .debug_macro   0x00000000000101ce     0x3468 Core/Src/dma.o
 .debug_macro   0x0000000000013636      0x174 Core/Src/dma.o
 .debug_macro   0x00000000000137aa       0x5c Core/Src/dma.o
 .debug_macro   0x0000000000013806      0x5be Core/Src/dma.o
 .debug_macro   0x0000000000013dc4      0x289 Core/Src/dma.o
 .debug_macro   0x000000000001404d      0x1cb Core/Src/dma.o
 .debug_macro   0x0000000000014218      0x114 Core/Src/dma.o
 .debug_macro   0x000000000001432c      0x1b2 Core/Src/dma.o
 .debug_macro   0x00000000000144de       0x27 Core/Src/dma.o
 .debug_macro   0x0000000000014505      0x136 Core/Src/dma.o
 .debug_macro   0x000000000001463b      0x1bc Core/Src/dma.o
 .debug_macro   0x00000000000147f7       0x34 Core/Src/dma.o
 .debug_macro   0x000000000001482b       0x3c Core/Src/dma.o
 .debug_macro   0x0000000000014867       0x57 Core/Src/dma.o
 .debug_macro   0x00000000000148be       0x88 Core/Src/dma.o
 .debug_macro   0x0000000000014946      0x241 Core/Src/dma.o
 .debug_macro   0x0000000000014b87      0x287 Core/Src/dma.o
 .debug_macro   0x0000000000014e0e      0x141 Core/Src/dma.o
 .debug_macro   0x0000000000014f4f      0x8d1 Core/Src/dma.o
 .debug_macro   0x0000000000015820      0x26b Core/Src/dma.o
 .debug_macro   0x0000000000015a8b       0x83 Core/Src/dma.o
 .debug_macro   0x0000000000015b0e       0x5e Core/Src/dma.o
 .debug_macro   0x0000000000015b6c      0x1c6 Core/Src/gpio.o
 .debug_macro   0x0000000000015d32      0x1c6 Core/Src/i2c.o
 .debug_macro   0x0000000000015ef8      0x216 Core/Src/main.o
 .debug_macro   0x000000000001610e      0x1bc Core/Src/stm32f1xx_hal_msp.o
 .debug_macro   0x00000000000162ca      0x1c6 Core/Src/stm32f1xx_it.o
 .debug_macro   0x0000000000016490      0x1ad Core/Src/system_stm32f1xx.o
 .debug_macro   0x000000000001663d      0x1c6 Core/Src/tim.o
 .debug_macro   0x0000000000016803      0x1c6 Core/Src/usart.o
 .debug_macro   0x00000000000169c9      0x1d1 Drivers/STM32F1xx_HAL_Driver/Src/stm32f1xx_hal.o
 .debug_macro   0x0000000000016b9a      0x1ad Drivers/STM32F1xx_HAL_Driver/Src/stm32f1xx_hal_cortex.o
 .debug_macro   0x0000000000016d47      0x1ad Drivers/STM32F1xx_HAL_Driver/Src/stm32f1xx_hal_dma.o
 .debug_macro   0x0000000000016ef4      0x218 Drivers/STM32F1xx_HAL_Driver/Src/stm32f1xx_hal_gpio.o
 .debug_macro   0x000000000001710c      0x1f4 Drivers/STM32F1xx_HAL_Driver/Src/stm32f1xx_hal_i2c.o
 .debug_macro   0x0000000000017300      0x1bf Drivers/STM32F1xx_HAL_Driver/Src/stm32f1xx_hal_rcc.o
 .debug_macro   0x00000000000174bf      0x1ae Drivers/STM32F1xx_HAL_Driver/Src/stm32f1xx_hal_tim.o
 .debug_macro   0x000000000001766d      0x1ad Drivers/STM32F1xx_HAL_Driver/Src/stm32f1xx_hal_tim_ex.o
 .debug_macro   0x000000000001781a      0x1ae Drivers/STM32F1xx_HAL_Driver/Src/stm32f1xx_hal_uart.o

.debug_line     0x0000000000000000     0xca74
 .debug_line    0x0000000000000000      0x689 Core/Src/dma.o
 .debug_line    0x0000000000000689      0x699 Core/Src/gpio.o
 .debug_line    0x0000000000000d22      0x6bf Core/Src/i2c.o
 .debug_line    0x00000000000013e1      0x75c Core/Src/main.o
 .debug_line    0x0000000000001b3d      0x68f Core/Src/stm32f1xx_hal_msp.o
 .debug_line    0x00000000000021cc      0x768 Core/Src/stm32f1xx_it.o
 .debug_line    0x0000000000002934      0x6b6 Core/Src/system_stm32f1xx.o
 .debug_line    0x0000000000002fea      0x6ec Core/Src/tim.o
 .debug_line    0x00000000000036d6      0x6cd Core/Src/usart.o
 .debug_line    0x0000000000003da3       0x84 Core/Startup/startup_stm32f103rbtx.o
 .debug_line    0x0000000000003e27      0x869 Drivers/STM32F1xx_HAL_Driver/Src/stm32f1xx_hal.o
 .debug_line    0x0000000000004690      0x940 Drivers/STM32F1xx_HAL_Driver/Src/stm32f1xx_hal_cortex.o
 .debug_line    0x0000000000004fd0      0xace Drivers/STM32F1xx_HAL_Driver/Src/stm32f1xx_hal_dma.o
 .debug_line    0x0000000000005a9e      0x865 Drivers/STM32F1xx_HAL_Driver/Src/stm32f1xx_hal_gpio.o
 .debug_line    0x0000000000006303     0x1c0f Drivers/STM32F1xx_HAL_Driver/Src/stm32f1xx_hal_i2c.o
 .debug_line    0x0000000000007f12      0x929 Drivers/STM32F1xx_HAL_Driver/Src/stm32f1xx_hal_rcc.o
 .debug_line    0x000000000000883b     0x1fc2 Drivers/STM32F1xx_HAL_Driver/Src/stm32f1xx_hal_tim.o
 .debug_line    0x000000000000a7fd     0x12d0 Drivers/STM32F1xx_HAL_Driver/Src/stm32f1xx_hal_tim_ex.o
 .debug_line    0x000000000000bacd      0xfa7 Drivers/STM32F1xx_HAL_Driver/Src/stm32f1xx_hal_uart.o

.debug_str      0x0000000000000000    0x8875c
 .debug_str     0x0000000000000000    0x847f6 Core/Src/dma.o
                                      0x84ba4 (size before relaxing)
 .debug_str     0x00000000000847f6       0x8e Core/Src/gpio.o
                                      0x84c1f (size before relaxing)
 .debug_str     0x0000000000084884      0x479 Core/Src/i2c.o
                                      0x84e03 (size before relaxing)
 .debug_str     0x0000000000084cfd      0x630 Core/Src/main.o
                                      0x856c4 (size before relaxing)
 .debug_str     0x000000000008532d       0x2c Core/Src/stm32f1xx_hal_msp.o
                                      0x84902 (size before relaxing)
 .debug_str     0x0000000000085359      0x10c Core/Src/stm32f1xx_it.o
                                      0x84d10 (size before relaxing)
 .debug_str     0x0000000000085465       0x52 Core/Src/system_stm32f1xx.o
                                      0x847ad (size before relaxing)
 .debug_str     0x00000000000854b7      0x17a Core/Src/tim.o
                                      0x84f9c (size before relaxing)
 .debug_str     0x0000000000085631       0x57 Core/Src/usart.o
                                      0x84ff9 (size before relaxing)
 .debug_str     0x0000000000085688       0x36 Core/Startup/startup_stm32f103rbtx.o
                                         0x76 (size before relaxing)
 .debug_str     0x00000000000856be      0x304 Drivers/STM32F1xx_HAL_Driver/Src/stm32f1xx_hal.o
                                      0x84e3e (size before relaxing)
 .debug_str     0x00000000000859c2      0x300 Drivers/STM32F1xx_HAL_Driver/Src/stm32f1xx_hal_cortex.o
                                      0x84e46 (size before relaxing)
 .debug_str     0x0000000000085cc2      0x235 Drivers/STM32F1xx_HAL_Driver/Src/stm32f1xx_hal_dma.o
                                      0x84b88 (size before relaxing)
 .debug_str     0x0000000000085ef7      0x31f Drivers/STM32F1xx_HAL_Driver/Src/stm32f1xx_hal_gpio.o
                                      0x84b71 (size before relaxing)
 .debug_str     0x0000000000086216      0xb60 Drivers/STM32F1xx_HAL_Driver/Src/stm32f1xx_hal_i2c.o
                                      0x857e9 (size before relaxing)
 .debug_str     0x0000000000086d76      0x244 Drivers/STM32F1xx_HAL_Driver/Src/stm32f1xx_hal_rcc.o
                                      0x84baa (size before relaxing)
 .debug_str     0x0000000000086fba      0xd85 Drivers/STM32F1xx_HAL_Driver/Src/stm32f1xx_hal_tim.o
                                      0x85b7c (size before relaxing)
 .debug_str     0x0000000000087d3f      0x517 Drivers/STM32F1xx_HAL_Driver/Src/stm32f1xx_hal_tim_ex.o
                                      0x85356 (size before relaxing)
 .debug_str     0x0000000000088256      0x506 Drivers/STM32F1xx_HAL_Driver/Src/stm32f1xx_hal_uart.o
                                      0x850b0 (size before relaxing)

.comment        0x0000000000000000       0x7b
 .comment       0x0000000000000000       0x7b Core/Src/dma.o
                                         0x7c (size before relaxing)
 .comment       0x000000000000007b       0x7c Core/Src/gpio.o
 .comment       0x000000000000007b       0x7c Core/Src/i2c.o
 .comment       0x000000000000007b       0x7c Core/Src/main.o
 .comment       0x000000000000007b       0x7c Core/Src/stm32f1xx_hal_msp.o
 .comment       0x000000000000007b       0x7c Core/Src/stm32f1xx_it.o
 .comment       0x000000000000007b       0x7c Core/Src/system_stm32f1xx.o
 .comment       0x000000000000007b       0x7c Core/Src/tim.o
 .comment       0x000000000000007b       0x7c Core/Src/usart.o
 .comment       0x000000000000007b       0x7c Drivers/STM32F1xx_HAL_Driver/Src/stm32f1xx_hal.o
 .comment       0x000000000000007b       0x7c Drivers/STM32F1xx_HAL_Driver/Src/stm32f1xx_hal_cortex.o
 .comment       0x000000000000007b       0x7c Drivers/STM32F1xx_HAL_Driver/Src/stm32f1xx_hal_dma.o
 .comment       0x000000000000007b       0x7c Drivers/STM32F1xx_HAL_Driver/Src/stm32f1xx_hal_gpio.o
 .comment       0x000000000000007b       0x7c Drivers/STM32F1xx_HAL_Driver/Src/stm32f1xx_hal_i2c.o
 .comment       0x000000000000007b       0x7c Drivers/STM32F1xx_HAL_Driver/Src/stm32f1xx_hal_rcc.o
 .comment       0x000000000000007b       0x7c Drivers/STM32F1xx_HAL_Driver/Src/stm32f1xx_hal_tim.o
 .comment       0x000000000000007b       0x7c Drivers/STM32F1xx_HAL_Driver/Src/stm32f1xx_hal_tim_ex.o
 .comment       0x000000000000007b       0x7c Drivers/STM32F1xx_HAL_Driver/Src/stm32f1xx_hal_uart.o

.debug_frame    0x0000000000000000     0x3e54
 .debug_frame   0x0000000000000000       0x34 Core/Src/dma.o
 .debug_frame   0x0000000000000034       0x34 Core/Src/gpio.o
 .debug_frame   0x0000000000000068       0x74 Core/Src/i2c.o
 .debug_frame   0x00000000000000dc       0xdc Core/Src/main.o
 .debug_frame   0x00000000000001b8       0x38 Core/Src/stm32f1xx_hal_msp.o
 .debug_frame   0x00000000000001f0      0x160 Core/Src/stm32f1xx_it.o
 .debug_frame   0x0000000000000350       0x58 Core/Src/system_stm32f1xx.o
 .debug_frame   0x00000000000003a8       0xa8 Core/Src/tim.o
 .debug_frame   0x0000000000000450       0x74 Core/Src/usart.o
 .debug_frame   0x00000000000004c4      0x334 Drivers/STM32F1xx_HAL_Driver/Src/stm32f1xx_hal.o
 .debug_frame   0x00000000000007f8      0x428 Drivers/STM32F1xx_HAL_Driver/Src/stm32f1xx_hal_cortex.o
 .debug_frame   0x0000000000000c20      0x208 Drivers/STM32F1xx_HAL_Driver/Src/stm32f1xx_hal_dma.o
 .debug_frame   0x0000000000000e28      0x14c Drivers/STM32F1xx_HAL_Driver/Src/stm32f1xx_hal_gpio.o
 .debug_frame   0x0000000000000f74      0xc54 Drivers/STM32F1xx_HAL_Driver/Src/stm32f1xx_hal_i2c.o
 .debug_frame   0x0000000000001bc8      0x21c Drivers/STM32F1xx_HAL_Driver/Src/stm32f1xx_hal_rcc.o
 .debug_frame   0x0000000000001de4     0x11b8 Drivers/STM32F1xx_HAL_Driver/Src/stm32f1xx_hal_tim.o
 .debug_frame   0x0000000000002f9c      0x638 Drivers/STM32F1xx_HAL_Driver/Src/stm32f1xx_hal_tim_ex.o
 .debug_frame   0x00000000000035d4      0x834 Drivers/STM32F1xx_HAL_Driver/Src/stm32f1xx_hal_uart.o
 .debug_frame   0x0000000000003e08       0x2c c:/st/stm32cubeide_1.1.0/stm32cubeide/plugins/com.st.stm32cube.ide.mcu.externaltools.gnu-tools-for-stm32.7-2018-q2-update.win32_1.4.0.202007081208/tools/bin/../lib/gcc/arm-none-eabi/7.3.1/../../../../arm-none-eabi/lib/thumb/v7-m\libc_nano.a(lib_a-init.o)
 .debug_frame   0x0000000000003e34       0x20 c:/st/stm32cubeide_1.1.0/stm32cubeide/plugins/com.st.stm32cube.ide.mcu.externaltools.gnu-tools-for-stm32.7-2018-q2-update.win32_1.4.0.202007081208/tools/bin/../lib/gcc/arm-none-eabi/7.3.1/../../../../arm-none-eabi/lib/thumb/v7-m\libc_nano.a(lib_a-memset.o)
